// Jest Snapshot v1, https://goo.gl/fbAQLP

exports[`test/component/addExpensesPage  :::::::  testing addExpensesPage component 1`] = `
<div>
  <h1>
    Add Expanse 
  </h1>
  <ExpanseForm
    onSubmit={[Function]}
  />
</div>
`;
