// Jest Snapshot v1, https://goo.gl/fbAQLP

exports[`should render Header correctly ::::  1`] = `
<header
  className="header"
>
  <div
    className="content-container"
  >
    <div
      className="header__content"
    >
      <Link
        className="header_title"
        to="/dashboard"
      >
        <h1>
          Mana Budget-App 
        </h1>
      </Link>
      <button
        className="button button--link"
        onClick={[Function]}
      >
        logout
      </button>
    </div>
  </div>
</header>
`;
