// Jest Snapshot v1, https://goo.gl/fbAQLP

exports[`should render the LoginPage Snaphost  1`] = `
<div
  className="box-layout"
>
  <div
    className="box-layout__box"
  >
    <h1
      className="box-layout__title"
    >
      Mana Budget-App
    </h1>
    <p>
      its time to get your expenses under control 
    </p>
    <button
      className="button"
      onClick={[Function]}
    >
      Login with Google
    </button>
  </div>
</div>
`;
