// Jest Snapshot v1, https://goo.gl/fbAQLP

exports[`test/component/PageNotFound  :::: should render the componet nicely 1`] = `
<div>
  <h4>
    404!
  </h4>
  <Link
    to="/"
  >
    Go Home
  </Link>
</div>
`;
